=============== nocfg_fwd | arms=baseline,all7 | cfg=<none> ===============
{
  "model": "lfm25",
  "regime": "RT_sharegpt_rate16",
  "workload": "sharegpt_rate16",
  "arms": [
    "baseline",
    "all7"
  ],
  "reps": 8,
  "gpu": 2,
  "warmup": null,
  "serving_knobs": {
    "cap": 32,
    "chunk": -1,
    "policy": "lpm",
    "mem": 0.85
  }
}

[RT_sharegpt_rate16] arm=baseline
  FAILED to start: server exited rc=-9

[RT_sharegpt_rate16] arm=all7
  patch check: [lfm_fusion_patch] applied: ['moesum(decode<=32,prefill>=4096)', 'norm', 'scale', 'conv(min_tokens=2048)', 'gate', 'idx', 'qkrope']
  correctness: recorded baseline signature

wrote /home/t-jialianggu/work/EndtoEnd-auto-optimization/results/lfm_fusion/e2e/lfm25_exp3_RT_nocfg_fwd/RT_sharegpt_rate16/e2e_runs.json (9 rows)
  baseline     no successful runs
  all7           15.818 +/- 0.064 req/s   1.0000x  n=8
=============== nocfg_rev | arms=all7,baseline | cfg=<none> ===============
{
  "model": "lfm25",
  "regime": "RT_sharegpt_rate16",
  "workload": "sharegpt_rate16",
  "arms": [
    "all7",
    "baseline"
  ],
  "reps": 8,
  "gpu": 2,
  "warmup": null,
  "serving_knobs": {
    "cap": 32,
    "chunk": -1,
    "policy": "lpm",
    "mem": 0.85
  }
}

[RT_sharegpt_rate16] arm=all7
  patch check: [lfm_fusion_patch] applied: ['moesum(decode<=32,prefill>=4096)', 'norm', 'scale', 'conv(min_tokens=2048)', 'gate', 'idx', 'qkrope']
  correctness: recorded baseline signature

[RT_sharegpt_rate16] arm=baseline
  patch check: clean baseline
  correctness: 2/5 prompts identical -> MISMATCH (recorded, not gated)

wrote /home/t-jialianggu/work/EndtoEnd-auto-optimization/results/lfm_fusion/e2e/lfm25_exp3_RT_nocfg_rev/RT_sharegpt_rate16/e2e_runs.json (16 rows)
  all7           15.852 +/- 0.051 req/s   1.0000x  n=8
  baseline       15.638 +/- 0.051 req/s   0.9865x  n=8
=============== cfg_fwd | arms=baseline,all7 | cfg=/home/t-jialianggu/work/EndtoEnd-auto-optimization/configs/regime_kernel/profiles/lfm25_pr_candidate ===============
{
  "model": "lfm25",
  "regime": "RT_sharegpt_rate16",
  "workload": "sharegpt_rate16",
  "arms": [
    "baseline",
    "all7"
  ],
  "reps": 8,
  "gpu": 2,
  "warmup": null,
  "serving_knobs": {
    "cap": 32,
    "chunk": -1,
    "policy": "lpm",
    "mem": 0.85
  }
}

[RT_sharegpt_rate16] arm=baseline
  patch check: clean baseline
  correctness: recorded baseline signature

[RT_sharegpt_rate16] arm=all7
  patch check: [lfm_fusion_patch] applied: ['moesum(decode<=32,prefill>=4096)', 'norm', 'scale', 'conv(min_tokens=2048)', 'gate', 'idx', 'qkrope']
  correctness: 2/5 prompts identical -> MISMATCH (recorded, not gated)

wrote /home/t-jialianggu/work/EndtoEnd-auto-optimization/results/lfm_fusion/e2e/lfm25_exp3_RT_cfg_fwd/RT_sharegpt_rate16/e2e_runs.json (16 rows)
  baseline       15.614 +/- 0.047 req/s   1.0000x  n=8
  all7           15.910 +/- 0.051 req/s   1.0190x  n=8
=============== cfg_rev | arms=all7,baseline | cfg=/home/t-jialianggu/work/EndtoEnd-auto-optimization/configs/regime_kernel/profiles/lfm25_pr_candidate ===============
{
  "model": "lfm25",
  "regime": "RT_sharegpt_rate16",
  "workload": "sharegpt_rate16",
  "arms": [
    "all7",
    "baseline"
  ],
  "reps": 8,
  "gpu": 2,
  "warmup": null,
  "serving_knobs": {
    "cap": 32,
    "chunk": -1,
    "policy": "lpm",
    "mem": 0.85
  }
}

[RT_sharegpt_rate16] arm=all7
  patch check: [lfm_fusion_patch] applied: ['moesum(decode<=32,prefill>=4096)', 'norm', 'scale', 'conv(min_tokens=2048)', 'gate', 'idx', 'qkrope']
  correctness: recorded baseline signature

[RT_sharegpt_rate16] arm=baseline
  patch check: clean baseline
  correctness: 2/5 prompts identical -> MISMATCH (recorded, not gated)

wrote /home/t-jialianggu/work/EndtoEnd-auto-optimization/results/lfm_fusion/e2e/lfm25_exp3_RT_cfg_rev/RT_sharegpt_rate16/e2e_runs.json (16 rows)
  all7           15.860 +/- 0.054 req/s   1.0000x  n=8
  baseline       15.581 +/- 0.060 req/s   0.9824x  n=8
all four cells done
